[{"name":"common","previousValue":null,"value":null,"action":"","children":[{"name":"follow","previousValue":null,"value":false,"action":"add","children":[]},{"name":"setting1","previousValue":null,"value":"Value 1","action":"","children":[]},{"name":"setting2","previousValue":null,"value":"200","action":"delete","children":[]},{"name":"setting3","previousValue":true,"value":{"key":"value"},"action":"edit","children":[]},{"name":"setting4","previousValue":null,"value":"blah blah","action":"add","children":[]},{"name":"setting5","previousValue":null,"value":{"key5":"value5"},"action":"add","children":[]},{"name":"setting6","previousValue":null,"value":null,"action":"","children":[{"name":"key","previousValue":null,"value":"value","action":"","children":[]},{"name":"ops","previousValue":null,"value":"vops","action":"add","children":[]}]}]},{"name":"group1","previousValue":null,"value":null,"action":"","children":[{"name":"baz","previousValue":"bas","value":"bars","action":"edit","children":[]},{"name":"foo","previousValue":null,"value":"bar","action":"","children":[]},{"name":"nest","previousValue":{"key":"value","lou":{"poul":"soul"}},"value":"str","action":"edit","children":[]}]},{"name":"group2","previousValue":null,"value":{"abc":"12345"},"action":"delete","children":[]},{"name":"group3","previousValue":null,"value":{"fee":"100500"},"action":"add","children":[]}]