[{"name":"follow","previousValue":null,"value":false,"action":"delete","children":[]},{"name":"host","previousValue":null,"value":"hexlet.io","action":"","children":[]},{"name":"proxy","previousValue":null,"value":"123.234.53.22","action":"delete","children":[]},{"name":"timeout","previousValue":"50","value":"20","action":"edit","children":[]},{"name":"verbose","previousValue":null,"value":true,"action":"add","children":[]}]