[{"name":"common","previousOption":null,"option":null,"type":"","children":[{"name":"follow","previousOption":null,"option":false,"type":"added","children":[]},{"name":"setting1","previousOption":null,"option":"Value 1","type":"","children":[]},{"name":"setting2","previousOption":null,"option":"200","type":"deleted","children":[]},{"name":"setting3","previousOption":true,"option":{"key":"value"},"type":"edited","children":[]},{"name":"setting4","previousOption":null,"option":"blah blah","type":"added","children":[]},{"name":"setting5","previousOption":null,"option":{"key5":"value5"},"type":"added","children":[]},{"name":"setting6","previousOption":null,"option":null,"type":"","children":[{"name":"key","previousOption":null,"option":"value","type":"","children":[]},{"name":"ops","previousOption":null,"option":"vops","type":"added","children":[]}]}]},{"name":"group1","previousOption":null,"option":null,"type":"","children":[{"name":"baz","previousOption":"bas","option":"bars","type":"edited","children":[]},{"name":"foo","previousOption":null,"option":"bar","type":"","children":[]},{"name":"nest","previousOption":{"key":"value","lou":{"poul":"soul"}},"option":"str","type":"edited","children":[]}]},{"name":"group2","previousOption":null,"option":{"abc":"12345"},"type":"deleted","children":[]},{"name":"group3","previousOption":null,"option":{"fee":"100500"},"type":"added","children":[]}]