{
    host: hexlet.io
  - timeout: 50
  + timeout: 20
  - proxy: 123.234.53.22
  - follow: false
  - kol: {
        poll: false
        lil: 20
    }
  + verbose: {
        losp: lilop
    }
}